// Jest Snapshot v1, https://goo.gl/fbAQLP

exports[`Calculator renders correctly 1`] = `
<div
  className="maincalc"
>
  <h2>
    Let's do some math!
  </h2>
  <div>
    <input
      className="input"
      readOnly={true}
      type="text"
      value="0"
    />
    <div
      className="buttons1"
    >
      <button
        className="button1"
        onClick={[Function]}
        type="button"
      >
        AC
      </button>
      <button
        className="button1"
        onClick={[Function]}
        type="button"
      >
        +/-
      </button>
      <button
        className="button1"
        onClick={[Function]}
        type="button"
      >
        %
      </button>
      <button
        className="button2"
        onClick={[Function]}
        type="button"
      >
        รท
      </button>
    </div>
    <div
      className="buttons1"
    >
      <button
        className="button1"
        onClick={[Function]}
        type="button"
      >
        7
      </button>
      <button
        className="button1"
        onClick={[Function]}
        type="button"
      >
        8
      </button>
      <button
        className="button1"
        onClick={[Function]}
        type="button"
      >
        9
      </button>
      <button
        className="button2"
        onClick={[Function]}
        type="button"
      >
        x
      </button>
    </div>
    <div
      className="buttons1"
    >
      <button
        className="button1"
        onClick={[Function]}
        type="button"
      >
        4
      </button>
      <button
        className="button1"
        onClick={[Function]}
        type="button"
      >
        5
      </button>
      <button
        className="button1"
        onClick={[Function]}
        type="button"
      >
        6
      </button>
      <button
        className="button2"
        onClick={[Function]}
        type="button"
      >
        -
      </button>
    </div>
    <div
      className="buttons1"
    >
      <button
        className="button1"
        onClick={[Function]}
        type="button"
      >
        1
      </button>
      <button
        className="button1"
        onClick={[Function]}
        type="button"
      >
        2
      </button>
      <button
        className="button1"
        onClick={[Function]}
        type="button"
      >
        3
      </button>
      <button
        className="button2"
        onClick={[Function]}
        type="button"
      >
        +
      </button>
    </div>
    <div
      className="buttons1"
    >
      <button
        className="button0"
        onClick={[Function]}
        type="button"
      >
        0
      </button>
      <button
        className="button1"
        onClick={[Function]}
        type="button"
      >
        .
      </button>
      <button
        className="button2"
        onClick={[Function]}
        type="button"
      >
        =
      </button>
    </div>
  </div>
</div>
`;
